// Jest Snapshot v1, https://goo.gl/fbAQLP

exports[`Big renders correctly 1`] = `
<p
  className="big"
>
  Big
</p>
`;

exports[`Blockquote renders correctly 1`] = `
<blockquote
  className="blockquote"
>
  Blockquote
</blockquote>
`;

exports[`Caption renders correctly 1`] = `
<p
  className="caption"
>
  Caption
</p>
`;

exports[`Context renders correctly 1`] = `
<div>
  Context
</div>
`;

exports[`Meta renders correctly 1`] = `
<h3
  className="meta"
>
  Meta
</h3>
`;

exports[`PrimaryHeadline renders correctly 1`] = `
<h1
  className="primary-headline"
>
  PrimaryHeadline
</h1>
`;

exports[`PrimarySubheadline renders correctly 1`] = `
<h2
  className="primary-subheadline"
>
  PrimarySubheadline
</h2>
`;

exports[`Pullquote renders correctly 1`] = `
<p
  className="pullquote"
>
  Pullquote
</p>
`;

exports[`SectionHeadline renders correctly 1`] = `
<h1
  className="section-headline"
>
  SectionHeadline
</h1>
`;

exports[`SectionLabel renders correctly 1`] = `
<h2
  className="section-label"
>
  SectionLabel
</h2>
`;

exports[`SectionSubheadline renders correctly 1`] = `
<h2
  className="section-subheadline"
>
  SectionSubheadline
</h2>
`;

exports[`Small renders correctly 1`] = `
<p
  className="small"
>
  Small
</p>
`;
